<html>
<body>
<pre>
<h1>µVision3 Build Log</h1>
<h2>Project:</h2>
C:\Documents and Settings\VIP\My Documents\Downloads\CAN_Manjula\CAN_Node.uv2
Project File Date:  08/30/2010

<h2>Output:</h2>
Build target 'Simulator'
compiling RTX_CAN.c...
compiling CAN_node.c...
compiling CAN_Hw.c...
compiling Serial.c...
compiling CAN_manju.c...
assembling LPC2300.s...
compiling RTX_Config.c...
linking...
Program Size: Code=6020 RO-data=124 RW-data=80 ZI-data=4152  
".\obj\CAN_Ex1.axf" - 0 Error(s), 0 Warning(s).
Build target 'Simulator'
compiling RTX_CAN.c...
compiling CAN_node.c...
compiling CAN_Hw.c...
compiling Serial.c...
compiling CAN_manju.c...
assembling LPC2300.s...
compiling RTX_Config.c...
linking...
Program Size: Code=6028 RO-data=124 RW-data=80 ZI-data=4152  
".\obj\CAN_Ex1.axf" - 0 Error(s), 0 Warning(s).
