ARM Linker, RVCT4.0 [Build 524] for uVision [Evaluation]

==============================================================================

Section Cross References

    rtx_can.o(.text) refers to rt_semaphore.o(i.os_sem_init) for os_sem_init
    rtx_can.o(.text) refers to rt_membox.o(i._init_box) for _init_box
    rtx_can.o(.text) refers to rt_mailbox.o(i.os_mbx_init) for os_mbx_init
    rtx_can.o(.text) refers to can_hw.o(.text) for CAN_hw_setup
    rtx_can.o(.text) refers to rt_mailbox.o(i.os_mbx_send) for os_mbx_send
    rtx_can.o(.text) refers to rt_semaphore.o(i.os_sem_send) for os_sem_send
    rtx_can.o(.text) refers to rt_time.o(i.os_dly_wait) for os_dly_wait
    rtx_can.o(.text) refers to rt_mailbox.o(i.os_mbx_wait) for os_mbx_wait
    rtx_can.o(.text) refers to rtx_can.o(.bss) for .bss
    rtx_can.o(.text) refers to rtx_can.o(.data) for .data
    can_node.o(.text) refers to rtx_can.o(.text) for CAN_init
    can_hw.o(.text) refers to uidiv.o(.text) for __aeabi_uidivmod
    can_hw.o(.text) refers to rt_semaphore.o(i.os_sem_wait) for os_sem_wait
    can_hw.o(.text) refers to rt_semaphore.o(i.os_sem_send) for os_sem_send
    can_hw.o(.text) refers to can_hw.o(.data) for .data
    can_hw.o(.text) refers to can_hw.o(.text) for CAN_ISR
    can_hw.o(.text) refers to can_hw.o(.constdata) for .constdata
    can_hw.o(.text) refers to rtx_can.o(.bss) for wr_sem
    can_hw.o(.text) refers to rt_mailbox.o(i.os_mbx_check) for os_mbx_check
    can_hw.o(.text) refers to can_hw.o(.text) for CAN_hw_rd
    can_hw.o(.text) refers to rt_mailbox.o(i.isr_mbx_send) for isr_mbx_send
    can_hw.o(.text) refers to rt_mailbox.o(i.isr_mbx_receive) for isr_mbx_receive
    can_hw.o(.text) refers to rt_semaphore.o(i.isr_sem_send) for isr_sem_send
    can_hw.o(.text) refers to rtx_can.o(.bss) for MBX_rx_ctrl
    can_manju.o(.text) refers to rtx_can.o(.text) for CAN_receive
    can_manju.o(.text) refers to can_node.o(.text) for INIT_CAN
    can_manju.o(.text) refers to rt_time.o(i.os_itv_set) for os_itv_set
    can_manju.o(.text) refers to rt_time.o(i.os_itv_wait) for os_itv_wait
    can_manju.o(.text) refers to rt_task.o(i.os_tsk_create0) for os_tsk_create0
    can_manju.o(.text) refers to rt_task.o(i.os_tsk_delete) for os_tsk_delete
    can_manju.o(.text) refers to rt_hal.o(.emb_text) for os_sys_init0
    can_manju.o(.text) refers to can_manju.o(.data) for .data
    lpc2300.o(RESET) refers to rt_hal.o(.emb_text) for SWI_Handler
    lpc2300.o(RESET) refers to lpc2300.o(STACK) for Stack_Top
    lpc2300.o(RESET) refers to entry.o(.ARM.Collect$$$$00000000) for __main
    rtx_config.o(.text) refers to rt_hal.o(.emb_text) for os_clock_interrupt
    rt_task.o(i.os_block) refers to rt_list.o(i.os_put_dly) for os_put_dly
    rt_task.o(i.os_block) refers to rt_list.o(i.os_get_first) for os_get_first
    rt_task.o(i.os_block) refers to rt_task.o(.data) for .data
    rt_task.o(i.os_block) refers to rt_list.o(.bss) for os_rdy
    rt_task.o(i.os_dispatch) refers to rt_list.o(i.os_get_first) for os_get_first
    rt_task.o(i.os_dispatch) refers to rt_list.o(i.os_put_rdy_first) for os_put_rdy_first
    rt_task.o(i.os_dispatch) refers to rt_list.o(i.os_put_prio) for os_put_prio
    rt_task.o(i.os_dispatch) refers to rt_list.o(.bss) for os_rdy
    rt_task.o(i.os_dispatch) refers to rt_task.o(.data) for .data
    rt_task.o(i.os_init_context) refers to rt_hal.o(i.os_init_stack) for os_init_stack
    rt_task.o(i.os_init_context) refers to rtx_config.o(.bss) for mp_stk
    rt_task.o(i.os_sys_init1) refers to rtx_config.o(.text) for tsk_lock
    rt_task.o(i.os_sys_init1) refers to rt_membox.o(i._init_box) for _init_box
    rt_task.o(i.os_sys_init1) refers to rt_task.o(i.os_init_context) for os_init_context
    rt_task.o(i.os_sys_init1) refers to rt_hal.o(.emb_text) for os_set_env
    rt_task.o(i.os_sys_init1) refers to rtx_config.o(.bss) for os_active_TCB
    rt_task.o(i.os_sys_init1) refers to rtx_config.o(.constdata) for os_maxtaskrun
    rt_task.o(i.os_sys_init1) refers to rtx_config.o(.constdata) for mp_tcb_size
    rt_task.o(i.os_sys_init1) refers to rtx_config.o(.bss) for mp_tcb
    rt_task.o(i.os_sys_init1) refers to rtx_config.o(.constdata) for os_stackinfo
    rt_task.o(i.os_sys_init1) refers to rtx_config.o(.constdata) for mp_stk_size
    rt_task.o(i.os_sys_init1) refers to rtx_config.o(.bss) for mp_stk
    rt_task.o(i.os_sys_init1) refers to rtx_config.o(.constdata) for mp_tmr_size
    rt_task.o(i.os_sys_init1) refers to rtx_config.o(.data) for m_tmr
    rt_task.o(i.os_sys_init1) refers to rt_task.o(.bss) for .bss
    rt_task.o(i.os_sys_init1) refers to rt_list.o(.bss) for os_rdy
    rt_task.o(i.os_sys_init1) refers to rt_task.o(.data) for .data
    rt_task.o(i.os_sys_init1) refers to rt_system.o(.bss) for os_psq
    rt_task.o(i.os_sys_init1) refers to rtx_config.o(.constdata) for os_rrobin
    rt_task.o(i.os_sys_init1) refers to rt_robin.o(.data) for os_robin_time
    rt_task.o(i.os_sys_init1) refers to rt_task.o(i.os_tsk_create0) for os_tsk_create0
    rt_task.o(i.os_tsk_create0) refers to rtx_config.o(.text) for tsk_lock
    rt_task.o(i.os_tsk_create0) refers to rt_task.o(i.os_init_context) for os_init_context
    rt_task.o(i.os_tsk_create0) refers to rt_task.o(i.os_dispatch) for os_dispatch
    rt_task.o(i.os_tsk_create0) refers to rtx_config.o(.bss) for mp_tcb
    rt_task.o(i.os_tsk_create0) refers to rtx_config.o(.bss) for os_active_TCB
    rt_task.o(i.os_tsk_create0) refers to rtx_config.o(.constdata) for os_maxtaskrun
    rt_task.o(i.os_tsk_create_ex0) refers to rt_task.o(i.os_tsk_create0) for os_tsk_create0
    rt_task.o(i.os_tsk_delete) refers to rtx_config.o(.text) for tsk_lock
    rt_task.o(i.os_tsk_delete) refers to rt_task.o(i.os_dispatch) for os_dispatch
    rt_task.o(i.os_tsk_delete) refers to rt_list.o(i.os_rmv_list) for os_rmv_list
    rt_task.o(i.os_tsk_delete) refers to rt_list.o(i.os_rmv_dly) for os_rmv_dly
    rt_task.o(i.os_tsk_delete) refers to rt_task.o(.data) for .data
    rt_task.o(i.os_tsk_delete) refers to rtx_config.o(.bss) for os_active_TCB
    rt_task.o(i.os_tsk_delete) refers to rtx_config.o(.bss) for mp_stk
    rt_task.o(i.os_tsk_delete) refers to rtx_config.o(.bss) for mp_tcb
    rt_task.o(i.os_tsk_delete) refers to rtx_config.o(.constdata) for os_maxtaskrun
    rt_task.o(i.os_tsk_pass) refers to rtx_config.o(.text) for tsk_lock
    rt_task.o(i.os_tsk_pass) refers to rt_list.o(i.os_get_same_rdy_prio) for os_get_same_rdy_prio
    rt_task.o(i.os_tsk_pass) refers to rt_list.o(i.os_put_prio) for os_put_prio
    rt_task.o(i.os_tsk_pass) refers to rt_task.o(.data) for .data
    rt_task.o(i.os_tsk_pass) refers to rt_list.o(.bss) for os_rdy
    rt_task.o(i.os_tsk_prio) refers to rtx_config.o(.text) for tsk_lock
    rt_task.o(i.os_tsk_prio) refers to rt_list.o(i.os_put_prio) for os_put_prio
    rt_task.o(i.os_tsk_prio) refers to rt_list.o(i.os_resort_prio) for os_resort_prio
    rt_task.o(i.os_tsk_prio) refers to rt_list.o(i.os_get_first) for os_get_first
    rt_task.o(i.os_tsk_prio) refers to rt_task.o(i.os_dispatch) for os_dispatch
    rt_task.o(i.os_tsk_prio) refers to rt_task.o(.data) for .data
    rt_task.o(i.os_tsk_prio) refers to rt_list.o(.bss) for os_rdy
    rt_task.o(i.os_tsk_prio) refers to rtx_config.o(.constdata) for os_maxtaskrun
    rt_task.o(i.os_tsk_prio) refers to rtx_config.o(.bss) for os_active_TCB
    rt_task.o(i.os_tsk_self) refers to rt_task.o(.data) for .data
    rt_time.o(i.os_dly_wait) refers to rtx_config.o(.text) for tsk_lock
    rt_time.o(i.os_dly_wait) refers to rt_task.o(i.os_block) for os_block
    rt_time.o(i.os_itv_set) refers to rt_task.o(.data) for os_runtask
    rt_time.o(i.os_itv_set) refers to rt_time.o(.data) for .data
    rt_time.o(i.os_itv_wait) refers to rtx_config.o(.text) for tsk_lock
    rt_time.o(i.os_itv_wait) refers to rt_task.o(i.os_block) for os_block
    rt_time.o(i.os_itv_wait) refers to rt_task.o(.data) for os_runtask
    rt_time.o(i.os_itv_wait) refers to rt_time.o(.data) for .data
    rt_mailbox.o(i.isr_mbx_receive) refers to rt_list.o(i.os_psq_enq) for os_psq_enq
    rt_mailbox.o(i.isr_mbx_receive) refers to rt_system.o(i.os_psh_req) for os_psh_req
    rt_mailbox.o(i.isr_mbx_send) refers to rt_list.o(i.os_psq_enq) for os_psq_enq
    rt_mailbox.o(i.isr_mbx_send) refers to rt_system.o(i.os_psh_req) for os_psh_req
    rt_mailbox.o(i.os_mbx_init) refers to rtx_config.o(.text) for tsk_lock
    rt_mailbox.o(i.os_mbx_psh) refers to rt_list.o(i.os_get_first) for os_get_first
    rt_mailbox.o(i.os_mbx_psh) refers to rt_list.o(i.os_rmv_dly) for os_rmv_dly
    rt_mailbox.o(i.os_mbx_psh) refers to rt_list.o(i.os_put_prio) for os_put_prio
    rt_mailbox.o(i.os_mbx_psh) refers to rt_list.o(.bss) for os_rdy
    rt_mailbox.o(i.os_mbx_send) refers to rtx_config.o(.text) for tsk_lock
    rt_mailbox.o(i.os_mbx_send) refers to rt_list.o(i.os_get_first) for os_get_first
    rt_mailbox.o(i.os_mbx_send) refers to rt_list.o(i.os_rmv_dly) for os_rmv_dly
    rt_mailbox.o(i.os_mbx_send) refers to rt_task.o(i.os_dispatch) for os_dispatch
    rt_mailbox.o(i.os_mbx_send) refers to rt_list.o(i.os_put_prio) for os_put_prio
    rt_mailbox.o(i.os_mbx_send) refers to rt_task.o(i.os_block) for os_block
    rt_mailbox.o(i.os_mbx_send) refers to rt_task.o(.data) for os_runtask
    rt_mailbox.o(i.os_mbx_wait) refers to rtx_config.o(.text) for tsk_lock
    rt_mailbox.o(i.os_mbx_wait) refers to rt_list.o(i.os_get_first) for os_get_first
    rt_mailbox.o(i.os_mbx_wait) refers to rt_list.o(i.os_rmv_dly) for os_rmv_dly
    rt_mailbox.o(i.os_mbx_wait) refers to rt_task.o(i.os_dispatch) for os_dispatch
    rt_mailbox.o(i.os_mbx_wait) refers to rt_list.o(i.os_put_prio) for os_put_prio
    rt_mailbox.o(i.os_mbx_wait) refers to rt_task.o(i.os_block) for os_block
    rt_mailbox.o(i.os_mbx_wait) refers to rt_task.o(.data) for os_runtask
    rt_semaphore.o(i.isr_sem_send) refers to rt_list.o(i.os_psq_enq) for os_psq_enq
    rt_semaphore.o(i.isr_sem_send) refers to rt_system.o(i.os_psh_req) for os_psh_req
    rt_semaphore.o(i.os_sem_init) refers to rtx_config.o(.text) for tsk_lock
    rt_semaphore.o(i.os_sem_psh) refers to rt_list.o(i.os_get_first) for os_get_first
    rt_semaphore.o(i.os_sem_psh) refers to rt_list.o(i.os_rmv_dly) for os_rmv_dly
    rt_semaphore.o(i.os_sem_psh) refers to rt_list.o(i.os_put_prio) for os_put_prio
    rt_semaphore.o(i.os_sem_psh) refers to rt_list.o(.bss) for os_rdy
    rt_semaphore.o(i.os_sem_send) refers to rtx_config.o(.text) for tsk_lock
    rt_semaphore.o(i.os_sem_send) refers to rt_list.o(i.os_get_first) for os_get_first
    rt_semaphore.o(i.os_sem_send) refers to rt_list.o(i.os_rmv_dly) for os_rmv_dly
    rt_semaphore.o(i.os_sem_send) refers to rt_task.o(i.os_dispatch) for os_dispatch
    rt_semaphore.o(i.os_sem_wait) refers to rtx_config.o(.text) for tsk_lock
    rt_semaphore.o(i.os_sem_wait) refers to rt_list.o(i.os_put_prio) for os_put_prio
    rt_semaphore.o(i.os_sem_wait) refers to rt_task.o(i.os_block) for os_block
    rt_semaphore.o(i.os_sem_wait) refers to rt_task.o(.data) for os_runtask
    rt_hal.o(.emb_text) refers to rt_hal.o(.data) for sys_stktop
    rt_hal.o(.emb_text) refers to rt_task.o(i.os_sys_init1) for os_sys_init1
    rt_hal.o(.emb_text) refers to rtx_config.o(.text) for os_irq_ack_lock
    rt_hal.o(.emb_text) refers to rt_system.o(.data) for os_psh
    rt_hal.o(.emb_text) refers to rt_system.o(i.os_sys_manager) for os_sys_manager
    rt_hal.o(.emb_text) refers to SWI_Table.o(SWI_TABLE) for SWI_Table
    rt_hal.o(i.__SWI_0) refers to rtx_config.o(.text) for os_stk_overflow
    rt_hal.o(i.__SWI_0) refers to rt_hal.o(.emb_text) for os_switch_tasks_ret
    rt_hal.o(i.__SWI_0) refers to rt_task.o(.data) for os_runtask
    rt_hal.o(i.__SWI_0) refers to rtx_config.o(.constdata) for os_stackinfo
    rt_hal.o(i.os_init_stack) refers to rtx_config.o(.constdata) for os_stackinfo
    rt_system.o(i.os_psh_req) refers to rtx_config.o(.text) for os_tmr_inspect_ovf
    rt_system.o(i.os_psh_req) refers to rt_system.o(.data) for .data
    rt_system.o(i.os_sys_manager) refers to rt_list.o(i.os_put_rdy_first) for os_put_rdy_first
    rt_system.o(i.os_sys_manager) refers to rtx_config.o(.text) for os_tmr_inspect_cnt
    rt_system.o(i.os_sys_manager) refers to rt_robin.o(i.os_chk_robin) for os_chk_robin
    rt_system.o(i.os_sys_manager) refers to rt_list.o(i.os_dec_dly) for os_dec_dly
    rt_system.o(i.os_sys_manager) refers to rt_list.o(i.os_psq_deq) for os_psq_deq
    rt_system.o(i.os_sys_manager) refers to rt_event.o(i.os_evt_psh) for os_evt_psh
    rt_system.o(i.os_sys_manager) refers to rt_mailbox.o(i.os_mbx_psh) for os_mbx_psh
    rt_system.o(i.os_sys_manager) refers to rt_semaphore.o(i.os_sem_psh) for os_sem_psh
    rt_system.o(i.os_sys_manager) refers to rt_list.o(i.os_get_first) for os_get_first
    rt_system.o(i.os_sys_manager) refers to rt_timer.o(i.os_tmr_tick) for os_tmr_tick
    rt_system.o(i.os_sys_manager) refers to rt_hal.o(.emb_text) for os_sys_manager_ret
    rt_system.o(i.os_sys_manager) refers to rt_task.o(.data) for os_runtask
    rt_system.o(i.os_sys_manager) refers to rt_system.o(.data) for .data
    rt_system.o(i.os_sys_manager) refers to rt_time.o(.data) for os_time
    rt_system.o(i.os_sys_manager) refers to rt_system.o(.bss) for .bss
    rt_system.o(i.os_sys_manager) refers to rt_list.o(.bss) for os_rdy
    rt_system.o(i.os_sys_manager) refers to rt_robin.o(.data) for os_tsk_robin
    rt_list.o(i.os_dec_dly) refers to rt_list.o(i.os_put_prio) for os_put_prio
    rt_list.o(i.os_dec_dly) refers to rt_list.o(.bss) for .bss
    rt_list.o(i.os_dec_dly) refers to rt_time.o(.data) for os_time
    rt_list.o(i.os_get_same_rdy_prio) refers to rt_list.o(.bss) for .bss
    rt_list.o(i.os_get_same_rdy_prio) refers to rt_task.o(.data) for os_runtask
    rt_list.o(i.os_psq_deq) refers to rt_system.o(.bss) for os_psq
    rt_list.o(i.os_psq_enq) refers to rt_system.o(.bss) for os_psq
    rt_list.o(i.os_put_dly) refers to rt_list.o(.bss) for .bss
    rt_list.o(i.os_put_rdy_first) refers to rt_list.o(.bss) for .bss
    rt_list.o(i.os_resort_prio) refers to rt_list.o(i.os_rmv_list) for os_rmv_list
    rt_list.o(i.os_resort_prio) refers to rt_list.o(i.os_put_prio) for os_put_prio
    rt_list.o(i.os_resort_prio) refers to rt_list.o(.bss) for .bss
    rt_list.o(i.os_rmv_list) refers to rt_list.o(.bss) for .bss
    rt_robin.o(i.os_chk_robin) refers to rt_list.o(i.os_get_first) for os_get_first
    rt_robin.o(i.os_chk_robin) refers to rt_list.o(i.os_put_prio) for os_put_prio
    rt_robin.o(i.os_chk_robin) refers to rtx_config.o(.constdata) for os_rrobin
    rt_robin.o(i.os_chk_robin) refers to rt_list.o(.bss) for os_rdy
    rt_robin.o(i.os_chk_robin) refers to rt_robin.o(.data) for .data
    rt_robin.o(i.os_chk_robin) refers to rt_time.o(.data) for os_time
    SWI_Table.o(SWI_TABLE) refers to rt_hal.o(i.__SWI_0) for __SWI_0
    SWI_Table.o(SWI_TABLE) refers to rt_membox.o(i.__SWI_1) for __SWI_1
    SWI_Table.o(SWI_TABLE) refers to rt_membox.o(i.__SWI_2) for __SWI_2
    SWI_Table.o(SWI_TABLE) refers to rt_hal.o(i.__SWI_3) for __SWI_3
    SWI_Table.o(SWI_TABLE) refers to rt_hal.o(i.__SWI_4) for __SWI_4
    SWI_Table.o(SWI_TABLE) refers to rt_hal.o(i.__SWI_5) for __SWI_5
    SWI_Table.o(SWI_TABLE) refers to rt_hal.o(i.__SWI_6) for __SWI_6
    SWI_Table.o(SWI_TABLE) refers to rt_hal.o(i.__SWI_7) for __SWI_7
    rt_event.o(i.isr_evt_set) refers to rt_list.o(i.os_psq_enq) for os_psq_enq
    rt_event.o(i.isr_evt_set) refers to rt_system.o(i.os_psh_req) for os_psh_req
    rt_event.o(i.isr_evt_set) refers to rtx_config.o(.bss) for os_active_TCB
    rt_event.o(i.os_evt_clr) refers to rtx_config.o(.text) for tsk_lock
    rt_event.o(i.os_evt_clr) refers to rtx_config.o(.bss) for os_active_TCB
    rt_event.o(i.os_evt_get) refers to rt_task.o(.data) for os_runtask
    rt_event.o(i.os_evt_psh) refers to rt_list.o(i.os_rmv_dly) for os_rmv_dly
    rt_event.o(i.os_evt_psh) refers to rt_list.o(i.os_put_prio) for os_put_prio
    rt_event.o(i.os_evt_psh) refers to rt_list.o(.bss) for os_rdy
    rt_event.o(i.os_evt_set) refers to rtx_config.o(.text) for tsk_lock
    rt_event.o(i.os_evt_set) refers to rt_list.o(i.os_rmv_dly) for os_rmv_dly
    rt_event.o(i.os_evt_set) refers to rt_task.o(i.os_dispatch) for os_dispatch
    rt_event.o(i.os_evt_set) refers to rtx_config.o(.bss) for os_active_TCB
    rt_event.o(i.os_evt_wait) refers to rtx_config.o(.text) for tsk_lock
    rt_event.o(i.os_evt_wait) refers to rt_task.o(i.os_block) for os_block
    rt_event.o(i.os_evt_wait) refers to rt_task.o(.data) for os_runtask
    rt_timer.o(i.os_tmr_create) refers to rtx_config.o(.text) for tsk_lock
    rt_timer.o(i.os_tmr_create) refers to rtx_config.o(.data) for m_tmr
    rt_timer.o(i.os_tmr_create) refers to rt_timer.o(.data) for .data
    rt_timer.o(i.os_tmr_kill) refers to rtx_config.o(.text) for tsk_lock
    rt_timer.o(i.os_tmr_kill) refers to rt_timer.o(.data) for .data
    rt_timer.o(i.os_tmr_kill) refers to rtx_config.o(.data) for m_tmr
    rt_timer.o(i.os_tmr_tick) refers to rtx_config.o(.text) for os_tmr_call
    rt_timer.o(i.os_tmr_tick) refers to rt_timer.o(.data) for .data
    rt_timer.o(i.os_tmr_tick) refers to rtx_config.o(.data) for m_tmr
    entry.o(.ARM.Collect$$$$00000000) refers (Special) to entry7.o(.ARM.Collect$$$$00000007) for _main_init
    entry.o(.ARM.Collect$$$$00000000) refers (Special) to entry5.o(.ARM.Collect$$$$00000004) for _main_scatterload
    entry.o(.ARM.Collect$$$$00000000) refers (Special) to entry2.o(.ARM.Collect$$$$00000001) for _main_stk
    entry2.o(.ARM.Collect$$$$00000001) refers to entry2.o(.ARM.Collect$$$$00002712) for __lit__00000000
    entry2.o(.ARM.Collect$$$$00002712) refers to lpc2300.o(STACK) for __initial_sp
    entry5.o(.ARM.Collect$$$$00000004) refers to init.o(.text) for __scatterload
    entry7.o(.ARM.Collect$$$$00000007) refers to can_manju.o(.text) for main
    init.o(.text) refers to init.o(i.__ARM_common_call_via_r3) for __ARM_common_call_via_r3
    init.o(.text) refers to entry5.o(.ARM.Collect$$$$00000004) for __main_after_scatterload


==============================================================================

Removing Unused input sections from the image.

    Removing serial.o(.text), (88 bytes).
    Removing lpc2300.o(HEAP), (0 bytes).
    Removing rtx_config.o(.constdata), (8 bytes).
    Removing rt_task.o(i.os_tsk_create_ex0), (12 bytes).
    Removing rt_task.o(i.os_tsk_pass), (52 bytes).
    Removing rt_task.o(i.os_tsk_prio), (136 bytes).
    Removing rt_task.o(i.os_tsk_self), (16 bytes).
    Removing rt_membox.o(i._calloc_box), (32 bytes).
    Removing rt_system.o(.emb_text), (0 bytes).
    Removing rt_list.o(i.os_get_same_rdy_prio), (36 bytes).
    Removing rt_list.o(i.os_resort_prio), (52 bytes).
    Removing rt_event.o(i.isr_evt_set), (40 bytes).
    Removing rt_event.o(i.os_evt_clr), (44 bytes).
    Removing rt_event.o(i.os_evt_get), (12 bytes).
    Removing rt_event.o(i.os_evt_set), (108 bytes).
    Removing rt_event.o(i.os_evt_wait), (92 bytes).
    Removing rt_timer.o(i.os_tmr_create), (92 bytes).
    Removing rt_timer.o(i.os_tmr_kill), (72 bytes).

18 unused section(s) (total 892 bytes) removed from the image.

==============================================================================

Adding Veneers to the image

    Adding AT veneer (8 bytes, Inline) for call to 'CAN_hw_rd' from can_hw.o(.text).
    Adding AT veneer (8 bytes, Inline) for call to '__scatterload' from entry5.o(.ARM.Collect$$$$00000004).
    Adding AT veneer (12 bytes, Long) for call to 'CAN_hw_wr' from can_hw.o(.text).
    Adding TA veneer (8 bytes, Short) for call to '__main_after_scatterload' from init.o(.text).
    Adding AT veneer (8 bytes, Inline) for call to 'isr_mbx_receive' from can_hw.o(.text).
    Adding AT veneer (8 bytes, Inline) for call to 'isr_mbx_send' from can_hw.o(.text).
    Adding AT veneer (8 bytes, Inline) for call to 'isr_sem_send' from can_hw.o(.text).
    Adding AT veneer (8 bytes, Inline) for call to 'os_mbx_check' from can_hw.o(.text).

8 Veneer(s) (total 68 bytes) added to the image.

==============================================================================

Image Symbol Table

    Local Symbols

    Symbol Name                              Value     Ov Type        Size  Object(Section)

    RESET                                    0x00000000   Section      352  lpc2300.o(RESET)
    ../../microlib/division.c                0x00000000   Number         0  uidiv.o ABSOLUTE
    ../../microlib/init/entry.s              0x00000000   Number         0  entry2.o ABSOLUTE
    ../../microlib/init/entry.s              0x00000000   Number         0  entry7.o ABSOLUTE
    ../../microlib/init/entry.s              0x00000000   Number         0  entry5.o ABSOLUTE
    ../../microlib/init/entry.s              0x00000000   Number         0  entry.o ABSOLUTE
    CAN_Hw.c                                 0x00000000   Number         0  can_hw.o ABSOLUTE
    CAN_manju.c                              0x00000000   Number         0  can_manju.o ABSOLUTE
    CAN_node.c                               0x00000000   Number         0  can_node.o ABSOLUTE
    LPC2300.s                                0x00000000   Number         0  lpc2300.o ABSOLUTE
    RTX_CAN.c                                0x00000000   Number         0  rtx_can.o ABSOLUTE
    RTX_Config.c                             0x00000000   Number         0  rtx_config.o ABSOLUTE
    SRC\ARM\SWI_Table.s                      0x00000000   Number         0  SWI_Table.o ABSOLUTE
    SRC\ARM\rt_Event.c                       0x00000000   Number         0  rt_event.o ABSOLUTE
    SRC\ARM\rt_HAL.c                         0x00000000   Number         0  rt_hal.o ABSOLUTE
    SRC\ARM\rt_List.c                        0x00000000   Number         0  rt_list.o ABSOLUTE
    SRC\ARM\rt_Mailbox.c                     0x00000000   Number         0  rt_mailbox.o ABSOLUTE
    SRC\ARM\rt_MemBox.c                      0x00000000   Number         0  rt_membox.o ABSOLUTE
    SRC\ARM\rt_Robin.c                       0x00000000   Number         0  rt_robin.o ABSOLUTE
    SRC\ARM\rt_Semaphore.c                   0x00000000   Number         0  rt_semaphore.o ABSOLUTE
    SRC\ARM\rt_System.c                      0x00000000   Number         0  rt_system.o ABSOLUTE
    SRC\ARM\rt_Task.c                        0x00000000   Number         0  rt_task.o ABSOLUTE
    SRC\ARM\rt_Time.c                        0x00000000   Number         0  rt_time.o ABSOLUTE
    SRC\ARM\rt_Timer.c                       0x00000000   Number         0  rt_timer.o ABSOLUTE
    SRC\\ARM\\rt_HAL.c                       0x00000000   Number         0  rt_hal.o ABSOLUTE
    SRC\\ARM\\rt_System.c                    0x00000000   Number         0  rt_system.o ABSOLUTE
    Serial.c                                 0x00000000   Number         0  serial.o ABSOLUTE
    dc.s                                     0x00000000   Number         0  dc.o ABSOLUTE
    handlers.s                               0x00000000   Number         0  handlers.o ABSOLUTE
    init.s                                   0x00000000   Number         0  init.o ABSOLUTE
    Undef_Handler                            0x00000040   ARM Code       4  lpc2300.o(RESET)
    PAbt_Handler                             0x00000044   ARM Code       4  lpc2300.o(RESET)
    DAbt_Handler                             0x00000048   ARM Code       4  lpc2300.o(RESET)
    IRQ_Handler                              0x0000004c   ARM Code       4  lpc2300.o(RESET)
    FIQ_Handler                              0x00000050   ARM Code       4  lpc2300.o(RESET)
    .ARM.Collect$$$$00000000                 0x00000160   Section        0  entry.o(.ARM.Collect$$$$00000000)
    .ARM.Collect$$$$00000001                 0x00000160   Section        4  entry2.o(.ARM.Collect$$$$00000001)
    .ARM.Collect$$$$00000004                 0x00000164   Section        4  entry5.o(.ARM.Collect$$$$00000004)
    .ARM.Collect$$$$00000007                 0x00000168   Section       12  entry7.o(.ARM.Collect$$$$00000007)
    .ARM.Collect$$$$00002712                 0x00000174   Section        4  entry2.o(.ARM.Collect$$$$00002712)
    __lit__00000000                          0x00000174   Data           4  entry2.o(.ARM.Collect$$$$00002712)
    .emb_text                                0x00000178   Section      388  rt_hal.o(.emb_text)
    Switch_task                              0x00000280   ARM Code       0  rt_hal.o(.emb_text)
    .text                                    0x000002fc   Section      384  rtx_can.o(.text)
    CAN_push                                 0x0000036d   Thumb Code    92  rtx_can.o(.text)
    .text                                    0x0000047c   Section       74  can_node.o(.text)
    Inline ARM to Thumb Veneer to CAN_hw_rd  0x000004c8   ARM Code       8  can_hw.o(.text)
    .text                                    0x000004d0   Section      884  can_hw.o(.text)
    CAN_hw_rd                                0x00000517   Thumb Code    48  can_hw.o(.text)
    .text                                    0x00000844   Section      360  can_hw.o(.text)
    CAN_ISR                                  0x00000844   ARM Code     328  can_hw.o(.text)
    .text                                    0x000009ac   Section      180  can_manju.o(.text)
    .text                                    0x00000a60   Section      124  rtx_config.o(.text)
    .text                                    0x00000adc   Section       46  uidiv.o(.text)
    .text                                    0x00000b14   Section       32  init.o(.text)
    SWI_TABLE                                0x00000b34   Section       36  SWI_Table.o(SWI_TABLE)
    i.__ARM_common_call_via_r3               0x00000b6c   Section        2  init.o(i.__ARM_common_call_via_r3)
    i.__SWI_0                                0x00000b70   Section       80  rt_hal.o(i.__SWI_0)
    i.__SWI_1                                0x00000bc0   Section       14  rt_membox.o(i.__SWI_1)
    i.__SWI_2                                0x00000bce   Section       24  rt_membox.o(i.__SWI_2)
    i.__SWI_3                                0x00000be6   Section        8  rt_hal.o(i.__SWI_3)
    i.__SWI_4                                0x00000bee   Section        8  rt_hal.o(i.__SWI_4)
    i.__SWI_5                                0x00000bf6   Section        2  rt_hal.o(i.__SWI_5)
    i.__SWI_6                                0x00000bf8   Section        2  rt_hal.o(i.__SWI_6)
    i.__SWI_7                                0x00000bfa   Section        2  rt_hal.o(i.__SWI_7)
    i.__scatterload_copy                     0x00000bfc   Section       24  handlers.o(i.__scatterload_copy)
    i.__scatterload_null                     0x00000c14   Section        4  handlers.o(i.__scatterload_null)
    i.__scatterload_zeroinit                 0x00000c18   Section       24  handlers.o(i.__scatterload_zeroinit)
    i._init_box                              0x00000c30   Section       74  rt_membox.o(i._init_box)
    i.isr_mbx_receive                        0x00000c84   Section       76  rt_mailbox.o(i.isr_mbx_receive)
    i.isr_mbx_send                           0x00000cd8   Section       16  rt_mailbox.o(i.isr_mbx_send)
    i.isr_sem_send                           0x00000cf0   Section       18  rt_semaphore.o(i.isr_sem_send)
    i.os_block                               0x00000d04   Section       72  rt_task.o(i.os_block)
    i.os_chk_robin                           0x00000d4c   Section       84  rt_robin.o(i.os_chk_robin)
    i.os_dec_dly                             0x00000da0   Section      124  rt_list.o(i.os_dec_dly)
    i.os_dispatch                            0x00000e1c   Section       68  rt_task.o(i.os_dispatch)
    i.os_dly_wait                            0x00000e60   Section       26  rt_time.o(i.os_dly_wait)
    i.os_evt_psh                             0x00000e7c   Section       84  rt_event.o(i.os_evt_psh)
    i.os_get_first                           0x00000ed0   Section       42  rt_list.o(i.os_get_first)
    i.os_init_context                        0x00000efc   Section       72  rt_task.o(i.os_init_context)
    os_init_context                          0x00000efd   Thumb Code    66  rt_task.o(i.os_init_context)
    i.os_init_stack                          0x00000f44   Section       96  rt_hal.o(i.os_init_stack)
    i.os_itv_set                             0x00000fa4   Section       24  rt_time.o(i.os_itv_set)
    i.os_itv_wait                            0x00000fbc   Section       56  rt_time.o(i.os_itv_wait)
    i.os_mbx_check                           0x00000ffc   Section        8  rt_mailbox.o(i.os_mbx_check)
    i.os_mbx_init                            0x00001004   Section       52  rt_mailbox.o(i.os_mbx_init)
    i.os_mbx_psh                             0x00001038   Section      128  rt_mailbox.o(i.os_mbx_psh)
    i.os_mbx_send                            0x000010b8   Section      164  rt_mailbox.o(i.os_mbx_send)
    i.os_mbx_wait                            0x0000115c   Section      160  rt_mailbox.o(i.os_mbx_wait)
    i.os_psh_req                             0x000011fc   Section       52  rt_system.o(i.os_psh_req)
    i.os_psq_deq                             0x00001230   Section       36  rt_list.o(i.os_psq_deq)
    i.os_psq_enq                             0x00001254   Section       32  rt_list.o(i.os_psq_enq)
    i.os_put_dly                             0x00001274   Section       84  rt_list.o(i.os_put_dly)
    i.os_put_prio                            0x000012c8   Section       62  rt_list.o(i.os_put_prio)
    i.os_put_rdy_first                       0x00001308   Section       20  rt_list.o(i.os_put_rdy_first)
    i.os_rmv_dly                             0x0000131c   Section       44  rt_list.o(i.os_rmv_dly)
    i.os_rmv_list                            0x00001348   Section       52  rt_list.o(i.os_rmv_list)
    i.os_sem_init                            0x0000137c   Section       30  rt_semaphore.o(i.os_sem_init)
    i.os_sem_psh                             0x0000139c   Section       56  rt_semaphore.o(i.os_sem_psh)
    i.os_sem_send                            0x000013d4   Section       60  rt_semaphore.o(i.os_sem_send)
    i.os_sem_wait                            0x00001410   Section       96  rt_semaphore.o(i.os_sem_wait)
    i.os_sys_init1                           0x00001470   Section      236  rt_task.o(i.os_sys_init1)
    i.os_sys_manager                         0x0000155c   Section      176  rt_system.o(i.os_sys_manager)
    i.os_tmr_tick                            0x0000160c   Section       68  rt_timer.o(i.os_tmr_tick)
    i.os_tsk_create0                         0x00001650   Section      144  rt_task.o(i.os_tsk_create0)
    i.os_tsk_delete                          0x000016e0   Section      172  rt_task.o(i.os_tsk_delete)
    .constdata                               0x0000178c   Section       68  can_hw.o(.constdata)
    .constdata                               0x000017d0   Section        2  rtx_config.o(.constdata)
    .constdata                               0x000017d4   Section        4  rtx_config.o(.constdata)
    .constdata                               0x000017d8   Section        4  rtx_config.o(.constdata)
    .constdata                               0x000017dc   Section        2  rtx_config.o(.constdata)
    .constdata                               0x000017e0   Section        4  rtx_config.o(.constdata)
    .constdata                               0x000017e4   Section        2  rtx_config.o(.constdata)
    .data                                    0x40000000   Section        1  rtx_can.o(.data)
    first_run_flag                           0x40000000   Data           1  rtx_can.o(.data)
    .data                                    0x40000004   Section       12  can_hw.o(.data)
    CAN_std_cnt                              0x40000004   Data           2  can_hw.o(.data)
    CAN_ext_cnt                              0x40000006   Data           2  can_hw.o(.data)
    .data                                    0x40000010   Section       22  can_manju.o(.data)
    .data                                    0x40000028   Section        4  rtx_config.o(.data)
    .data                                    0x4000002c   Section        4  rt_task.o(.data)
    .data                                    0x40000030   Section        2  rt_time.o(.data)
    .data                                    0x40000034   Section        4  rt_hal.o(.data)
    .data                                    0x40000038   Section        8  rt_system.o(.data)
    .data                                    0x40000040   Section        8  rt_robin.o(.data)
    .data                                    0x40000048   Section        8  rt_timer.o(.data)
    .bss                                     0x40000050   Section     1692  rtx_can.o(.bss)
    .bss                                     0x400006ec   Section      348  rtx_config.o(.bss)
    .bss                                     0x40000848   Section     1616  rtx_config.o(.bss)
    .bss                                     0x40000e98   Section       28  rtx_config.o(.bss)
    .bss                                     0x40000eb4   Section       48  rt_task.o(.bss)
    .bss                                     0x40000ee4   Section      132  rt_system.o(.bss)
    .bss                                     0x40000f68   Section       48  rt_list.o(.bss)
    STACK                                    0x40000f98   Section      240  lpc2300.o(STACK)
    Stack_Top                                0x40001088   Data           0  lpc2300.o(STACK)

    Global Symbols

    Symbol Name                              Value     Ov Type        Size  Object(Section)

    BuildAttributes$$THM_ISAv1$ARM_ISAv4$S$PE$A:L22$X:L11$S22$IEEE1$IW$USESV6$~STKCKD$USESV7$~SHL$OSPACE$EBA8$MICROLIB$REQ8$EABIv2 0x00000000   Number         0  anon$$obj.o ABSOLUTE
    __ARM_use_no_argv                        0x00000000   Number         0  can_manju.o ABSOLUTE
    __decompress                              - Undefined Weak Reference
    os_tmr_reload                             - Undefined Weak Reference
    rt_init                                   - Undefined Weak Reference
    rt_notify                                 - Undefined Weak Reference
    rt_post_taskswitch                        - Undefined Weak Reference
    Reset_Handler                            0x00000054   ARM Code       0  lpc2300.o(RESET)
    __main                                   0x00000160   ARM Code       0  entry.o(.ARM.Collect$$$$00000000)
    _main_stk                                0x00000160   ARM Code       0  entry2.o(.ARM.Collect$$$$00000001)
    _main_scatterload                        0x00000164   ARM Code       0  entry5.o(.ARM.Collect$$$$00000004)
    __main_after_scatterload                 0x00000168   ARM Code       0  entry5.o(.ARM.Collect$$$$00000004)
    _main_init                               0x00000168   ARM Code       0  entry7.o(.ARM.Collect$$$$00000007)
    os_set_env                               0x00000179   Thumb Code     8  rt_hal.o(.emb_text)
    os_sys_init0                             0x00000181   Thumb Code    12  rt_hal.o(.emb_text)
    os_sys_run                               0x00000195   Thumb Code    16  rt_hal.o(.emb_text)
    os_clock_interrupt                       0x000001a8   ARM Code     128  rt_hal.o(.emb_text)
    os_sys_manager_ret                       0x00000215   Thumb Code     0  rt_hal.o(.emb_text)
    SWI_Handler                              0x0000023c   ARM Code     184  rt_hal.o(.emb_text)
    os_switch_tasks_ret                      0x00000279   Thumb Code     0  rt_hal.o(.emb_text)
    CAN_init                                 0x000002fd   Thumb Code   100  rtx_can.o(.text)
    CAN_start                                0x00000361   Thumb Code    12  rtx_can.o(.text)
    __RTX_ARM_VER                            0x00000370   Number         0  rt_system.o ABSOLUTE
    CAN_send                                 0x000003c9   Thumb Code     6  rtx_can.o(.text)
    CAN_request                              0x000003cf   Thumb Code     6  rtx_can.o(.text)
    CAN_set                                  0x000003d5   Thumb Code    70  rtx_can.o(.text)
    CAN_receive                              0x0000041b   Thumb Code    58  rtx_can.o(.text)
    CAN_rx_object                            0x00000455   Thumb Code     8  rtx_can.o(.text)
    CAN_tx_object                            0x0000045d   Thumb Code     8  rtx_can.o(.text)
    INIT_CAN                                 0x0000047d   Thumb Code    20  can_node.o(.text)
    Transmit                                 0x00000491   Thumb Code    54  can_node.o(.text)
    CAN_hw_wr                                0x000004d1   Thumb Code    70  can_hw.o(.text)
    CAN_hw_setup                             0x00000547   Thumb Code    96  can_hw.o(.text)
    CAN_hw_init                              0x000005a7   Thumb Code    84  can_hw.o(.text)
    CAN_hw_start                             0x000005fb   Thumb Code    16  can_hw.o(.text)
    CAN_hw_tx_empty                          0x0000060b   Thumb Code    54  can_hw.o(.text)
    CAN_hw_set                               0x00000641   Thumb Code     4  can_hw.o(.text)
    CAN_hw_rx_object                         0x00000645   Thumb Code   446  can_hw.o(.text)
    CAN_hw_tx_object                         0x00000803   Thumb Code     4  can_hw.o(.text)
    task_CAN_rx                              0x000009ad   Thumb Code    30  can_manju.o(.text)
    task_CAN_tx                              0x000009cb   Thumb Code    72  can_manju.o(.text)
    task_init                                0x00000a13   Thumb Code    30  can_manju.o(.text)
    main                                     0x00000a31   Thumb Code    20  can_manju.o(.text)
    os_idle_demon                            0x00000a61   Thumb Code     2  rtx_config.o(.text)
    os_tmr_call                              0x00000a63   Thumb Code     2  rtx_config.o(.text)
    os_stk_overflow                          0x00000a65   Thumb Code     2  rtx_config.o(.text)
    os_tmr_init                              0x00000a67   Thumb Code    32  rtx_config.o(.text)
    os_tmr_force_irq                         0x00000a87   Thumb Code     8  rtx_config.o(.text)
    os_tmr_inspect_cnt                       0x00000a8f   Thumb Code     6  rtx_config.o(.text)
    os_tmr_inspect_ovf                       0x00000a95   Thumb Code    10  rtx_config.o(.text)
    os_irq_ack_lock                          0x00000a9f   Thumb Code    22  rtx_config.o(.text)
    tsk_lock                                 0x00000ab5   Thumb Code     8  rtx_config.o(.text)
    tsk_unlock                               0x00000abd   Thumb Code     8  rtx_config.o(.text)
    __aeabi_uidiv                            0x00000add   Thumb Code     0  uidiv.o(.text)
    __aeabi_uidivmod                         0x00000add   Thumb Code    46  uidiv.o(.text)
    Inline ARM to Thumb Veneer to __scatterload 0x00000b0c   ARM Code       8  init.o(.text)
    __scatterload                            0x00000b15   Thumb Code    24  init.o(.text)
    __scatterload_rt2                        0x00000b15   Thumb Code     0  init.o(.text)
    SWI_Count                                0x00000b34   Data           4  SWI_Table.o(SWI_TABLE)
    SWI_Table                                0x00000b38   Data           0  SWI_Table.o(SWI_TABLE)
    Long ARM to Thumb Veneer to CAN_hw_wr    0x00000b58   ARM Code      12  anon$$obj.o(Veneer$$Code)
    Short Thumb to ARM Veneer to __main_after_scatterload 0x00000b65   Thumb Code     8  anon$$obj.o(Veneer$$Code)
    __ARM_common_call_via_r3                 0x00000b6d   Thumb Code     2  init.o(i.__ARM_common_call_via_r3)
    __SWI_0                                  0x00000b71   Thumb Code    68  rt_hal.o(i.__SWI_0)
    __SWI_1                                  0x00000bc1   Thumb Code    14  rt_membox.o(i.__SWI_1)
    __SWI_2                                  0x00000bcf   Thumb Code    24  rt_membox.o(i.__SWI_2)
    __SWI_3                                  0x00000be7   Thumb Code     8  rt_hal.o(i.__SWI_3)
    __SWI_4                                  0x00000bef   Thumb Code     8  rt_hal.o(i.__SWI_4)
    __SWI_5                                  0x00000bf7   Thumb Code     2  rt_hal.o(i.__SWI_5)
    __SWI_6                                  0x00000bf9   Thumb Code     2  rt_hal.o(i.__SWI_6)
    __SWI_7                                  0x00000bfb   Thumb Code     2  rt_hal.o(i.__SWI_7)
    __scatterload_copy                       0x00000bfc   ARM Code      24  handlers.o(i.__scatterload_copy)
    __scatterload_null                       0x00000c14   ARM Code       4  handlers.o(i.__scatterload_null)
    __scatterload_zeroinit                   0x00000c18   ARM Code      24  handlers.o(i.__scatterload_zeroinit)
    _init_box                                0x00000c31   Thumb Code    74  rt_membox.o(i._init_box)
    Inline ARM to Thumb Veneer to isr_mbx_receive 0x00000c7c   ARM Code       8  rt_mailbox.o(i.isr_mbx_receive)
    isr_mbx_receive                          0x00000c85   Thumb Code    76  rt_mailbox.o(i.isr_mbx_receive)
    Inline ARM to Thumb Veneer to isr_mbx_send 0x00000cd0   ARM Code       8  rt_mailbox.o(i.isr_mbx_send)
    isr_mbx_send                             0x00000cd9   Thumb Code    16  rt_mailbox.o(i.isr_mbx_send)
    Inline ARM to Thumb Veneer to isr_sem_send 0x00000ce8   ARM Code       8  rt_semaphore.o(i.isr_sem_send)
    isr_sem_send                             0x00000cf1   Thumb Code    18  rt_semaphore.o(i.isr_sem_send)
    os_block                                 0x00000d05   Thumb Code    58  rt_task.o(i.os_block)
    os_chk_robin                             0x00000d4d   Thumb Code    66  rt_robin.o(i.os_chk_robin)
    os_dec_dly                               0x00000da1   Thumb Code   116  rt_list.o(i.os_dec_dly)
    os_dispatch                              0x00000e1d   Thumb Code    60  rt_task.o(i.os_dispatch)
    os_dly_wait                              0x00000e61   Thumb Code    26  rt_time.o(i.os_dly_wait)
    os_evt_psh                               0x00000e7d   Thumb Code    80  rt_event.o(i.os_evt_psh)
    os_get_first                             0x00000ed1   Thumb Code    42  rt_list.o(i.os_get_first)
    os_init_stack                            0x00000f45   Thumb Code    84  rt_hal.o(i.os_init_stack)
    os_itv_set                               0x00000fa5   Thumb Code    16  rt_time.o(i.os_itv_set)
    os_itv_wait                              0x00000fbd   Thumb Code    48  rt_time.o(i.os_itv_wait)
    Inline ARM to Thumb Veneer to os_mbx_check 0x00000ff4   ARM Code       8  rt_mailbox.o(i.os_mbx_check)
    os_mbx_check                             0x00000ffd   Thumb Code     8  rt_mailbox.o(i.os_mbx_check)
    os_mbx_init                              0x00001005   Thumb Code    46  rt_mailbox.o(i.os_mbx_init)
    os_mbx_psh                               0x00001039   Thumb Code   124  rt_mailbox.o(i.os_mbx_psh)
    os_mbx_send                              0x000010b9   Thumb Code   160  rt_mailbox.o(i.os_mbx_send)
    os_mbx_wait                              0x0000115d   Thumb Code   156  rt_mailbox.o(i.os_mbx_wait)
    os_psh_req                               0x000011fd   Thumb Code    46  rt_system.o(i.os_psh_req)
    os_psq_deq                               0x00001231   Thumb Code    30  rt_list.o(i.os_psq_deq)
    os_psq_enq                               0x00001255   Thumb Code    26  rt_list.o(i.os_psq_enq)
    os_put_dly                               0x00001275   Thumb Code    78  rt_list.o(i.os_put_dly)
    os_put_prio                              0x000012c9   Thumb Code    62  rt_list.o(i.os_put_prio)
    os_put_rdy_first                         0x00001309   Thumb Code    14  rt_list.o(i.os_put_rdy_first)
    os_rmv_dly                               0x0000131d   Thumb Code    44  rt_list.o(i.os_rmv_dly)
    os_rmv_list                              0x00001349   Thumb Code    46  rt_list.o(i.os_rmv_list)
    os_sem_init                              0x0000137d   Thumb Code    30  rt_semaphore.o(i.os_sem_init)
    os_sem_psh                               0x0000139d   Thumb Code    50  rt_semaphore.o(i.os_sem_psh)
    os_sem_send                              0x000013d5   Thumb Code    60  rt_semaphore.o(i.os_sem_send)
    os_sem_wait                              0x00001411   Thumb Code    92  rt_semaphore.o(i.os_sem_wait)
    os_sys_init1                             0x00001471   Thumb Code   162  rt_task.o(i.os_sys_init1)
    os_sys_manager                           0x0000155d   Thumb Code   152  rt_system.o(i.os_sys_manager)
    os_tmr_tick                              0x0000160d   Thumb Code    58  rt_timer.o(i.os_tmr_tick)
    os_tsk_create0                           0x00001651   Thumb Code   132  rt_task.o(i.os_tsk_create0)
    os_tsk_delete                            0x000016e1   Thumb Code   150  rt_task.o(i.os_tsk_delete)
    CAN_BIT_TIME                             0x0000178c   Data          68  can_hw.o(.constdata)
    os_maxtaskrun                            0x000017d0   Data           2  rtx_config.o(.constdata)
    os_stackinfo                             0x000017d4   Data           4  rtx_config.o(.constdata)
    os_rrobin                                0x000017d8   Data           4  rtx_config.o(.constdata)
    mp_tcb_size                              0x000017dc   Data           2  rtx_config.o(.constdata)
    mp_stk_size                              0x000017e0   Data           4  rtx_config.o(.constdata)
    mp_tmr_size                              0x000017e4   Data           2  rtx_config.o(.constdata)
    Region$$Table$$Base                      0x000017e8   Number         0  anon$$obj.o(Region$$Table)
    Region$$Table$$Limit                     0x00001808   Number         0  anon$$obj.o(Region$$Table)
    CAN_BASE                                 0x40000008   Data           8  can_hw.o(.data)
    CAN_MSG_1                                0x40000010   Data           3  can_manju.o(.data)
    CAN_MSG_2                                0x40000013   Data           3  can_manju.o(.data)
    DATA_BYTES_1                             0x40000016   Data           8  can_manju.o(.data)
    DATA_BYTES_2                             0x4000001e   Data           8  can_manju.o(.data)
    m_tmr                                    0x40000028   Data           4  rtx_config.o(.data)
    os_runtask                               0x4000002c   Data           4  rt_task.o(.data)
    os_time                                  0x40000030   Data           2  rt_time.o(.data)
    sys_stktop                               0x40000034   Data           4  rt_hal.o(.data)
    os_psh                                   0x40000038   Data           8  rt_system.o(.data)
    os_robin_time                            0x40000040   Data           2  rt_robin.o(.data)
    os_tsk_robin                             0x40000044   Data           4  rt_robin.o(.data)
    os_tmr                                   0x40000048   Data           8  rt_timer.o(.data)
    CAN_mpool                                0x40000050   Data        1292  rtx_can.o(.bss)
    MBX_tx_ctrl                              0x4000055c   Data         192  rtx_can.o(.bss)
    MBX_rx_ctrl                              0x4000061c   Data         192  rtx_can.o(.bss)
    wr_sem                                   0x400006dc   Data          16  rtx_can.o(.bss)
    mp_tcb                                   0x400006ec   Data         348  rtx_config.o(.bss)
    mp_stk                                   0x40000848   Data        1616  rtx_config.o(.bss)
    os_active_TCB                            0x40000e98   Data          28  rtx_config.o(.bss)
    os_idle_TCB                              0x40000eb4   Data          48  rt_task.o(.bss)
    os_psq                                   0x40000ee4   Data         132  rt_system.o(.bss)
    os_rdy                                   0x40000f68   Data          24  rt_list.o(.bss)
    os_dly                                   0x40000f80   Data          24  rt_list.o(.bss)
    __initial_sp                             0x40000fe8   Data         160  lpc2300.o(STACK)



==============================================================================

Memory Map of the image

  Image Entry point : 0x00000160

  Load Region LR_IROM1 (Base: 0x00000000, Size: 0x00001858, Max: 0x00080000, ABSOLUTE)

    Execution Region ER_IROM1 (Base: 0x00000000, Size: 0x00001808, Max: 0x00080000, ABSOLUTE)

    Base Addr    Size         Type   Attr      Idx    E Section Name        Object

    0x00000000   0x00000160   Code   RO          114    RESET               lpc2300.o
    0x00000160   0x00000000   Code   RO          652  * .ARM.Collect$$$$00000000  entry.o(mc_t.l)
    0x00000160   0x00000004   Code   RO          657    .ARM.Collect$$$$00000001  entry2.o(mc_t.l)
    0x00000164   0x00000004   Code   RO          659    .ARM.Collect$$$$00000004  entry5.o(mc_t.l)
    0x00000168   0x0000000c   Code   RO          660    .ARM.Collect$$$$00000007  entry7.o(mc_t.l)
    0x00000174   0x00000004   Code   RO          658    .ARM.Collect$$$$00002712  entry2.o(mc_t.l)
    0x00000178   0x00000184   Code   RO          386    .emb_text           rt_hal.o(RTX_ARM_L.LIB)
    0x000002fc   0x00000180   Code   RO            1    .text               rtx_can.o
    0x0000047c   0x0000004a   Code   RO           33    .text               can_node.o
    0x000004c6   0x00000002   PAD
    0x000004c8   0x00000008   Ven    RO           55    .text               can_hw.o
    0x000004d0   0x00000374   Code   RO           55    .text               can_hw.o
    0x00000844   0x00000168   Code   RO           56    .text               can_hw.o
    0x000009ac   0x000000b4   Code   RO           97    .text               can_manju.o
    0x00000a60   0x0000007c   Code   RO          118    .text               rtx_config.o
    0x00000adc   0x0000002e   Code   RO          655    .text               uidiv.o(mc_t.l)
    0x00000b0a   0x00000002   PAD
    0x00000b0c   0x00000008   Ven    RO          661    .text               init.o(mc_t.l)
    0x00000b14   0x00000020   Code   RO          661    .text               init.o(mc_t.l)
    0x00000b34   0x00000024   Code   RO          580    SWI_TABLE           SWI_Table.o(RTX_ARM_L.LIB)
    0x00000b58   0x0000000c   Ven    RO          679    Veneer$$Code        anon$$obj.o
    0x00000b64   0x00000008   Ven    RO          680    Veneer$$Code        anon$$obj.o
    0x00000b6c   0x00000002   Code   RO          663    i.__ARM_common_call_via_r3  init.o(mc_t.l)
    0x00000b6e   0x00000002   PAD
    0x00000b70   0x00000050   Code   RO          387    i.__SWI_0           rt_hal.o(RTX_ARM_L.LIB)
    0x00000bc0   0x0000000e   Code   RO          356    i.__SWI_1           rt_membox.o(RTX_ARM_L.LIB)
    0x00000bce   0x00000018   Code   RO          357    i.__SWI_2           rt_membox.o(RTX_ARM_L.LIB)
    0x00000be6   0x00000008   Code   RO          388    i.__SWI_3           rt_hal.o(RTX_ARM_L.LIB)
    0x00000bee   0x00000008   Code   RO          389    i.__SWI_4           rt_hal.o(RTX_ARM_L.LIB)
    0x00000bf6   0x00000002   Code   RO          390    i.__SWI_5           rt_hal.o(RTX_ARM_L.LIB)
    0x00000bf8   0x00000002   Code   RO          391    i.__SWI_6           rt_hal.o(RTX_ARM_L.LIB)
    0x00000bfa   0x00000002   Code   RO          392    i.__SWI_7           rt_hal.o(RTX_ARM_L.LIB)
    0x00000bfc   0x00000018   Code   RO          667    i.__scatterload_copy  handlers.o(mc_t.l)
    0x00000c14   0x00000004   Code   RO          668    i.__scatterload_null  handlers.o(mc_t.l)
    0x00000c18   0x00000018   Code   RO          669    i.__scatterload_zeroinit  handlers.o(mc_t.l)
    0x00000c30   0x0000004a   Code   RO          359    i._init_box         rt_membox.o(RTX_ARM_L.LIB)
    0x00000c7a   0x00000002   PAD
    0x00000c7c   0x00000008   Ven    RO          272    i.isr_mbx_receive   rt_mailbox.o(RTX_ARM_L.LIB)
    0x00000c84   0x0000004c   Code   RO          272    i.isr_mbx_receive   rt_mailbox.o(RTX_ARM_L.LIB)
    0x00000cd0   0x00000008   Ven    RO          273    i.isr_mbx_send      rt_mailbox.o(RTX_ARM_L.LIB)
    0x00000cd8   0x00000010   Code   RO          273    i.isr_mbx_send      rt_mailbox.o(RTX_ARM_L.LIB)
    0x00000ce8   0x00000008   Ven    RO          320    i.isr_sem_send      rt_semaphore.o(RTX_ARM_L.LIB)
    0x00000cf0   0x00000012   Code   RO          320    i.isr_sem_send      rt_semaphore.o(RTX_ARM_L.LIB)
    0x00000d02   0x00000002   PAD
    0x00000d04   0x00000048   Code   RO          146    i.os_block          rt_task.o(RTX_ARM_L.LIB)
    0x00000d4c   0x00000054   Code   RO          562    i.os_chk_robin      rt_robin.o(RTX_ARM_L.LIB)
    0x00000da0   0x0000007c   Code   RO          484    i.os_dec_dly        rt_list.o(RTX_ARM_L.LIB)
    0x00000e1c   0x00000044   Code   RO          147    i.os_dispatch       rt_task.o(RTX_ARM_L.LIB)
    0x00000e60   0x0000001a   Code   RO          241    i.os_dly_wait       rt_time.o(RTX_ARM_L.LIB)
    0x00000e7a   0x00000002   PAD
    0x00000e7c   0x00000054   Code   RO          586    i.os_evt_psh        rt_event.o(RTX_ARM_L.LIB)
    0x00000ed0   0x0000002a   Code   RO          485    i.os_get_first      rt_list.o(RTX_ARM_L.LIB)
    0x00000efa   0x00000002   PAD
    0x00000efc   0x00000048   Code   RO          148    i.os_init_context   rt_task.o(RTX_ARM_L.LIB)
    0x00000f44   0x00000060   Code   RO          393    i.os_init_stack     rt_hal.o(RTX_ARM_L.LIB)
    0x00000fa4   0x00000018   Code   RO          242    i.os_itv_set        rt_time.o(RTX_ARM_L.LIB)
    0x00000fbc   0x00000038   Code   RO          243    i.os_itv_wait       rt_time.o(RTX_ARM_L.LIB)
    0x00000ff4   0x00000008   Ven    RO          274    i.os_mbx_check      rt_mailbox.o(RTX_ARM_L.LIB)
    0x00000ffc   0x00000008   Code   RO          274    i.os_mbx_check      rt_mailbox.o(RTX_ARM_L.LIB)
    0x00001004   0x00000034   Code   RO          275    i.os_mbx_init       rt_mailbox.o(RTX_ARM_L.LIB)
    0x00001038   0x00000080   Code   RO          276    i.os_mbx_psh        rt_mailbox.o(RTX_ARM_L.LIB)
    0x000010b8   0x000000a4   Code   RO          277    i.os_mbx_send       rt_mailbox.o(RTX_ARM_L.LIB)
    0x0000115c   0x000000a0   Code   RO          278    i.os_mbx_wait       rt_mailbox.o(RTX_ARM_L.LIB)
    0x000011fc   0x00000034   Code   RO          445    i.os_psh_req        rt_system.o(RTX_ARM_L.LIB)
    0x00001230   0x00000024   Code   RO          487    i.os_psq_deq        rt_list.o(RTX_ARM_L.LIB)
    0x00001254   0x00000020   Code   RO          488    i.os_psq_enq        rt_list.o(RTX_ARM_L.LIB)
    0x00001274   0x00000054   Code   RO          489    i.os_put_dly        rt_list.o(RTX_ARM_L.LIB)
    0x000012c8   0x0000003e   Code   RO          490    i.os_put_prio       rt_list.o(RTX_ARM_L.LIB)
    0x00001306   0x00000002   PAD
    0x00001308   0x00000014   Code   RO          491    i.os_put_rdy_first  rt_list.o(RTX_ARM_L.LIB)
    0x0000131c   0x0000002c   Code   RO          493    i.os_rmv_dly        rt_list.o(RTX_ARM_L.LIB)
    0x00001348   0x00000034   Code   RO          494    i.os_rmv_list       rt_list.o(RTX_ARM_L.LIB)
    0x0000137c   0x0000001e   Code   RO          321    i.os_sem_init       rt_semaphore.o(RTX_ARM_L.LIB)
    0x0000139a   0x00000002   PAD
    0x0000139c   0x00000038   Code   RO          322    i.os_sem_psh        rt_semaphore.o(RTX_ARM_L.LIB)
    0x000013d4   0x0000003c   Code   RO          323    i.os_sem_send       rt_semaphore.o(RTX_ARM_L.LIB)
    0x00001410   0x00000060   Code   RO          324    i.os_sem_wait       rt_semaphore.o(RTX_ARM_L.LIB)
    0x00001470   0x000000ec   Code   RO          149    i.os_sys_init1      rt_task.o(RTX_ARM_L.LIB)
    0x0000155c   0x000000b0   Code   RO          446    i.os_sys_manager    rt_system.o(RTX_ARM_L.LIB)
    0x0000160c   0x00000044   Code   RO          627    i.os_tmr_tick       rt_timer.o(RTX_ARM_L.LIB)
    0x00001650   0x00000090   Code   RO          150    i.os_tsk_create0    rt_task.o(RTX_ARM_L.LIB)
    0x000016e0   0x000000ac   Code   RO          152    i.os_tsk_delete     rt_task.o(RTX_ARM_L.LIB)
    0x0000178c   0x00000044   Data   RO           57    .constdata          can_hw.o
    0x000017d0   0x00000002   Data   RO          122    .constdata          rtx_config.o
    0x000017d2   0x00000002   PAD
    0x000017d4   0x00000004   Data   RO          123    .constdata          rtx_config.o
    0x000017d8   0x00000004   Data   RO          124    .constdata          rtx_config.o
    0x000017dc   0x00000002   Data   RO          126    .constdata          rtx_config.o
    0x000017de   0x00000002   PAD
    0x000017e0   0x00000004   Data   RO          127    .constdata          rtx_config.o
    0x000017e4   0x00000002   Data   RO          128    .constdata          rtx_config.o
    0x000017e6   0x00000002   PAD
    0x000017e8   0x00000020   Data   RO          665    Region$$Table       anon$$obj.o


    Execution Region RW_IRAM1 (Base: 0x40000000, Size: 0x00001088, Max: 0x00008000, ABSOLUTE)

    Base Addr    Size         Type   Attr      Idx    E Section Name        Object

    0x40000000   0x00000001   Data   RW            3    .data               rtx_can.o
    0x40000001   0x00000003   PAD
    0x40000004   0x0000000c   Data   RW           58    .data               can_hw.o
    0x40000010   0x00000016   Data   RW           98    .data               can_manju.o
    0x40000026   0x00000002   PAD
    0x40000028   0x00000004   Data   RW          129    .data               rtx_config.o
    0x4000002c   0x00000004   Data   RW          157    .data               rt_task.o(RTX_ARM_L.LIB)
    0x40000030   0x00000002   Data   RW          244    .data               rt_time.o(RTX_ARM_L.LIB)
    0x40000032   0x00000002   PAD
    0x40000034   0x00000004   Data   RW          394    .data               rt_hal.o(RTX_ARM_L.LIB)
    0x40000038   0x00000008   Data   RW          448    .data               rt_system.o(RTX_ARM_L.LIB)
    0x40000040   0x00000008   Data   RW          563    .data               rt_robin.o(RTX_ARM_L.LIB)
    0x40000048   0x00000008   Data   RW          628    .data               rt_timer.o(RTX_ARM_L.LIB)
    0x40000050   0x0000069c   Zero   RW            2    .bss                rtx_can.o
    0x400006ec   0x0000015c   Zero   RW          119    .bss                rtx_config.o
    0x40000848   0x00000650   Zero   RW          120    .bss                rtx_config.o
    0x40000e98   0x0000001c   Zero   RW          121    .bss                rtx_config.o
    0x40000eb4   0x00000030   Zero   RW          156    .bss                rt_task.o(RTX_ARM_L.LIB)
    0x40000ee4   0x00000084   Zero   RW          447    .bss                rt_system.o(RTX_ARM_L.LIB)
    0x40000f68   0x00000030   Zero   RW          495    .bss                rt_list.o(RTX_ARM_L.LIB)
    0x40000f98   0x000000f0   Zero   RW          112    STACK               lpc2300.o


==============================================================================

Image component sizes


      Code (inc. data)   RO Data    RW Data    ZI Data      Debug   Object Name

      1244         94         68         12          0       6887   can_hw.o
       180         28          0         22          0       1657   can_manju.o
        74          0          0          0          0       2139   can_node.o
       352         48          0          0        240        312   lpc2300.o
       384         24          0          1       1692       9585   rtx_can.o
       124         24         18          4       1992       2645   rtx_config.o

    ----------------------------------------------------------------------
      2388        222        124         44       3924      23225   Object Totals
        28          4         32          0          0          0   (incl. Generated)
         2          0          6          5          0          0   (incl. Padding)

    ----------------------------------------------------------------------

      Code (inc. data)   RO Data    RW Data    ZI Data      Debug   Library Member Name

        36         36          0          0          0        136   SWI_Table.o
         0          0          0          0          0          0   entry.o
         8          4          0          0          0          0   entry2.o
         4          0          0          0          0          0   entry5.o
        12          4          0          0          0          0   entry7.o
        52          0          0          0          0          0   handlers.o
        42          8          0          0          0        136   init.o
        84          4          0          0          0        589   rt_event.o
       586         68          0          4          0       3785   rt_hal.o
       496         38          0          0         48       4959   rt_list.o
       628         18          0          0          0       4543   rt_mailbox.o
       112          0          0          0          0       1740   rt_membox.o
        84         18          0          8          0        740   rt_robin.o
       268         10          0          0          0       2914   rt_semaphore.o
       228         30          0          8        132       1549   rt_system.o
       764        136          0          4         48       6458   rt_task.o
       106         16          0          2          0       1499   rt_time.o
        68         10          0          8          0        675   rt_timer.o
        46          0          0          0          0         72   uidiv.o

    ----------------------------------------------------------------------
      3640        400          0         36        228      29795   Library Totals
        16          0          0          2          0          0   (incl. Padding)

    ----------------------------------------------------------------------

      Code (inc. data)   RO Data    RW Data    ZI Data      Debug   Library Name

      3460        384          0         34        228      29587   RTX_ARM_L.LIB
       164         16          0          0          0        208   mc_t.l

    ----------------------------------------------------------------------
      3640        400          0         36        228      29795   Library Totals

    ----------------------------------------------------------------------

==============================================================================


      Code (inc. data)   RO Data    RW Data    ZI Data      Debug   

      6028        622        124         80       4152      50736   Grand Totals
      6028        622        124         80       4152      50736   ELF Image Totals
      6028        622        124         80          0          0   ROM Totals

==============================================================================

    Total RO  Size (Code + RO Data)                 6152 (   6.01kB)
    Total RW  Size (RW Data + ZI Data)              4232 (   4.13kB)
    Total ROM Size (Code + RO Data + RW Data)       6232 (   6.09kB)

==============================================================================

